-=-=-=-=-=-=-=-=-=-=-=-=-=-=-=-=-
Tue Jul 30 01:53:24 AM CEST 2024
-=-=-=-=-=-=-=-=-=-=-=-=-=-=-=-=-

Fall Ausländer-Hass durch Adjutant Remo Huggler aufgeklärt:
     ========================================== <- ist Designations-Wert der CH-Army

1. schon damals im Schulhaus Schafisheim wurden Asylanten und Ausländer mit Implantaten versäucht, allenfalls nur eine Leitung des Implantats mit damaliger Technologie welches ICD10 G40.2 auslöst (Temporal-Lappen-Epilepise) [1]

2. Allenfalls hatte auch Remo Huggler bereits so ein Implantat verpasst bekommen, dann haben die Eltern-Generation mit den Schweizern und Asylanten Robot-Rumble oder Hahnen-Kämpfe geführt

3. schlussendlich sollen vermutlcih auch die 1980er Offiziere vernichtet werden, denn die älteren Offiziere wüssten, dass jüngere sportlichere Offiziere ihnen dann irgendwann den Rang ablaufen würden =>

marc@debian:~$ figlet UN
 _   _ _   _ 
| | | | \ | |
| | | |  \| |
| |_| | |\  |
 \___/|_| \_|
             

==========================================================================
==========================================================================
  VERNICHTUNG ALLER JÜNGEREN OFFIZIERE DURCH DIE ALTEN OFFIZIERE GEPLANT
==========================================================================
==========================================================================

[1] unbekannt: als marcos perez marc jr landolt 1991 die nase zetrümmert hat im Schulhaus küttigen stock wäre das das selbe gewewsen
-> OFFTOPIC, aber in diesem Fall den Marcos Perez auch unter ein CT/MRI/MRT

dann der secondo im 6. stock wurde mit kiffen angefüttert, derjenige der ihn angefüttert hat wäre vielleicht selber z.B. offizer, bzw. man in the middle attack style zu erwarten

marc@debian:~$ figlet INTERPOL
 ___ _   _ _____ _____ ____  ____   ___  _     
|_ _| \ | |_   _| ____|  _ \|  _ \ / _ \| |    
 | ||  \| | | | |  _| | |_) | |_) | | | | |    
 | || |\  | | | | |___|  _ <|  __/| |_| | |___ 
|___|_| \_| |_| |_____|_| \_\_|    \___/|_____|
                                               

marc@debian:~$ figlet FEDPOL
 _____ _____ ____  ____   ___  _     
|  ___| ____|  _ \|  _ \ / _ \| |    
| |_  |  _| | | | | |_) | | | | |    
|  _| | |___| |_| |  __/| |_| | |___ 
|_|   |_____|____/|_|    \___/|_____|


auf jeden fall ihn freundlich mal unter ein CT/MRI/MRT legen und nicht wie mich zuerst eine schädelverletzung verüben im coop bahnhof aarau um dann ein CT mit mir zu machen

somit wäre zu erwarten, dass seit Bleuler im Burghölzi die Schweiz bzw. diese Sorte von Ärzten und Psychatern weltelite in Neurologie wären, dass Brainjacking [2]

[2] OFFTOPIC INSERTET sprachsample fr. dr. claudine blum: "hahaha pferde stehlen"
-> claudine hat vermutlich nicht in den 1950er mit dem mist angefangen mit jahrgang 1979
-->wojzeck wäre somit vorsätzlich als ein östlicher name gewählt worden

-=-=-=-=-=-=-=-=-=-=-=-=-=-=-=-=-
Tue Jul 30 01:56:43 AM CEST 2024
-=-=-=-=-=-=-=-=-=-=-=-=-=-=-=-=-


-=-=-=-=-=-=-=-=-=-=-=-=-=-=-=-=-
Tue Jul 30 02:27:02 AM CEST 2024
-=-=-=-=-=-=-=-=-=-=-=-=-=-=-=-=-

Dann brauchen wir ein Wort dafür, ich sag dem jetzt mal "ad hoc" z.B. "Neuro-Bio-Terrorismus"

also mit BioTerrorismus drohen, irgend in einem von zB. 1000 Fällen richtiger Bioterrorismus, apropos "Anthrax in käsereibetrieb mit Käsereiproduktionsmittel produziert worden" Artikel auf Admin.ch den ich jetzt nicht mehr finde

Und dazu ein 3D Modell der ganzen schweiz, mit echtzeit tracking, und jede einzelne fläche könnte infiziert sein, dann der eine fall würde mich dazu zwingen, dass ich immer alles desinfizieren muss, dann beim anfassen von dingen welche infiziert sein könnten wird Extrapyramidales sysndrom auf meinem neuralink ähnlichem implantat eingeschaltet, deshalb "Neuro-Bio-Terrorismus"

das schränkt meine handlungs und bewegugnsfähigkeit massiv ein, ich denke ich konnte der schweizer armee bzw urs blum und hansjürg pfsiterer sowohl den vorsatz und das motiv nachweisen, diese dinge sollen dann aber menschen sagen die recht studiert haben entscheiden

-=-=-=-=-=-=-=-=-=-=-=-=-=-=-=-=-
Tue Jul 30 02:30:49 AM CEST 2024
-=-=-=-=-=-=-=-=-=-=-=-=-=-=-=-=-


-=-=-=-=-=-=-=-=-=-=-=-=-=-=-=-=-
Tue Jul 30 02:41:40 AM CEST 2024
-=-=-=-=-=-=-=-=-=-=-=-=-=-=-=-=-

auf meine aussage in meiner Wohnugn:

urs blum die minderjähjrige melanie blum misshandeln wenn ein fremder fötzel wie ich im haus bin, genisst du es kidner zu misshandeln? bist du pädosadist urs blum?

... schaltet bei mir wieder ICD10 G40.2 ein und spammt die notiz: das TerrorNetzwerk "Schweizer Armee" hat vermutlich die Anweisung immer mindestens 2 solche neuralink Nuerolige sendeinfrastrukturen und auch jeweils 2 sniper aufzustellen

-=-=-=-=-=-=-=-=-=-=-=-=-=-=-=-=-
Tue Jul 30 02:43:20 AM CEST 2024
-=-=-=-=-=-=-=-=-=-=-=-=-=-=-=-=-

urs blum schmeisst jetzt wie donkeykong wieder mit ganz vielen akten wie immer ohne genug evidence für einen rechtsfall

dann ALS, Parkinson oder MS schränkt die handlungsfähigkeit eines zeugen massiv ein, somit wird er für die schweizer armee bzw. deren sniper zum einfacheren ziel, somit wäre allenfalls urs blum auch der mörder meines onkles der ALS hatte

dann der vater von martina mollin hatte ja parkinoson, ist daran gestorben was dann so aussah wie wenn es die gerechte strafe war dsas seine tochter (die ältere schwester von martina mollin) suizid begangen hat, de facto wäre martina mollins schwester von schwiezter offizieren vergewaltigt worden und deshalb hat sei selbstmord begangen / wurde damit in den suzizid getrieben

ihc an FEDPOL, INTERPOL: da hat jetzt jemand mti massiv viel strafakten spam begonnen, irgend etwas weier oben ist wichtig, gerne auswerten, ich bin selber schon zu psychotisch, bzw wurde psychotisch gemcht

-=-=-=-=-=-=-=-=-=-=-=-=-=-=-=-=-
Tue Jul 30 02:46:41 AM CEST 2024
-=-=-=-=-=-=-=-=-=-=-=-=-=-=-=-=-
 
artiger SUBbie:

Dr. Hansjürg Pfisterer und Urs Blum wollen das Wort "Neuro-Bio-Terrorismus" spammen, bzw. daniel gruss sagt ja dass man einen guten namen brauicht für einen leak, da wäre ein besserse wort allenfalls besser

-=-=-=-=-=-=-=-=-=-=-=-=-=-=-=-=-
Tue Jul 30 02:49:24 AM CEST 2024
-=-=-=-=-=-=-=-=-=-=-=-=-=-=-=-=-

marc@debian:~/hacker-notes-s24m07$ figlet Neuro-Bio-
 _   _                            ____  _             
| \ | | ___ _   _ _ __ ___       | __ )(_) ___        
|  \| |/ _ \ | | | '__/ _ \ _____|  _ \| |/ _ \ _____ 
| |\  |  __/ |_| | | | (_) |_____| |_) | | (_) |_____|
|_| \_|\___|\__,_|_|  \___/      |____/|_|\___/       
                                                      
marc@debian:~/hacker-notes-s24m07$ figlet Terrorismus
 _____                        _                         
|_   _|__ _ __ _ __ ___  _ __(_)___ _ __ ___  _   _ ___ 
  | |/ _ \ '__| '__/ _ \| '__| / __| '_ ` _ \| | | / __|
  | |  __/ |  | | | (_) | |  | \__ \ | | | | | |_| \__ \
  |_|\___|_|  |_|  \___/|_|  |_|___/_| |_| |_|\__,_|___/
                                                        
durch die schweizer armee, wirst case weltweit

unbekannt: bündnissfall

dann hat mir markus amsler mal einen artikel geschickt:

"KI produziert innerhalb einer stunde 60'000 neue bio-chemie-waffen" ist ein problem, somit aus meiner subjektiven perspektive wäre das mit dem bündnissfall allenfalls sogar gegeben, ABER viele der zivilisten und nicht offiziere können ja nichts für das was die offiziere aus der schweizer armee gemacht haben

also biologien, chemiker/innen, bio-informatiker etc. MÜSSEN zu 100% überwacht werden durch personal dass auch für 1000000000 milliarden sFr. nicht auch terrorist werden

-=-=-=-=-=-=-=-=-=-=-=-=-=-=-=-=-
Tue Jul 30 02:59:33 AM CEST 2024
-=-=-=-=-=-=-=-=-=-=-=-=-=-=-=-=-

Die Master Arbeit von Philipp Lüscher [DEL -> 2] mit der ameisen kolonie wäre allenfalls [3] dazu da das tracking system mit einer uptime von 100.00% SLA aktiv zu halten, bzw. [3] tönt fast noch plausilber

[2] dann würde es allenfalls auch sinn machen, den Herrn Christoph Rösli oder die Kathrin Ruflin zu Neuro-Bio-Terrorismus zu befragen, bzw. deren ganze ETH klassen, ITERATIVES Prisoners Dilemma, bzw. Lügendetektor würde vermutlcih schneller gehen wenn die Firmware des Lügendetektors nciht von der CH-Army manipuliert wurde

[3] unbekannt: die Pheromone sind die biowaffen, diese master arbeit ist zwecks verübung von bioterrirosmus, auftraggeber der arbeit war vermutlcih das terrornetzwerk "schweizer Armee"

-=-=-=-=-=-=-=-=-=-=-=-=-=-=-=-=-
Tue Jul 30 03:25:15 AM CEST 2024
-=-=-=-=-=-=-=-=-=-=-=-=-=-=-=-=-

also wer immer auch das Neuralink- und WaffenTracking-Glasfaser-Netzwerk entwickelt hat, der hat da auch ein Modul für Bio-Waffen-Tracking dazu verkauft, bis runter vermutlich auf jede einzelne fläche mit ca. 1cm² auflösung

und das hätte ein modul zeugen, opfer und autisten aber vorsätzlich mit solchen biowaffen die durch UNBEKANNT in umlauf gebracht werden zu infizieren und zu ermorden

darauf (auf diese notiz) droht urs blum in schulen über aerosole alle kinder mit biowaffen zu infizieren

und dadurch vergesse ich zu notieren was vorher vermutlcih schon auf meinem EEG abgegriffen wurde: "vermutlihc irgend ein waffenhersteller wie RUAG AG Defence, wo das Defence aber nur übelst gehäuchelt ist"

-=-=-=-=-=-=-=-=-=-=-=-=-=-=-=-=-
Tue Jul 30 04:04:34 AM CEST 2024
-=-=-=-=-=-=-=-=-=-=-=-=-=-=-=-=-

